<?xml version="1.0" encoding="UTF-8"?>
<testsuites name="jest tests" tests="3" failures="0" errors="0" time="18.269">
  <testsuite name="Equation Forge storage" errors="0" failures="0" skipped="0" timestamp="2026-08-07T16:11:11" time="3.66" tests="3">
    <testcase classname="Equation Forge storage normalizes invalid persisted state" name="Equation Forge storage normalizes invalid persisted state" time="0.003">
    </testcase>
    <testcase classname="Equation Forge storage migrates the legacy display-math copy option" name="Equation Forge storage migrates the legacy display-math copy option" time="0">
    </testcase>
    <testcase classname="Equation Forge storage loads and serializes state through JupyterLab StateDB" name="Equation Forge storage loads and serializes state through JupyterLab StateDB" time="0.002">
    </testcase>
  </testsuite>
</testsuites>